// Jest Snapshot v1, https://goo.gl/fbAQLP

exports[`<App /> renders correctly 1`] = `
<div
  className="App-layout"
>
  <div
    className="MuiGrid-root MuiGrid-container"
  >
    <div
      className="MuiGrid-root MuiGrid-item MuiGrid-grid-xs-12"
    >
      <div
        className="makeStyles-root-104"
      >
        <header
          className="MuiPaper-root MuiPaper-elevation4 MuiAppBar-root MuiAppBar-positionStatic TopBar MuiAppBar-colorPrimary"
        >
          <div
            className="MuiToolbar-root MuiToolbar-regular MuiToolbar-gutters"
          >
            <button
              aria-label="Menu"
              className="MuiButtonBase-root MuiIconButton-root makeStyles-menuButton-105 MuiIconButton-colorInherit MuiIconButton-edgeStart"
              disabled={false}
              onBlur={[Function]}
              onClick={[Function]}
              onDragLeave={[Function]}
              onFocus={[Function]}
              onKeyDown={[Function]}
              onKeyUp={[Function]}
              onMouseDown={[Function]}
              onMouseLeave={[Function]}
              onMouseUp={[Function]}
              onTouchEnd={[Function]}
              onTouchMove={[Function]}
              onTouchStart={[Function]}
              tabIndex={0}
              type="button"
            >
              <span
                className="MuiIconButton-label"
              >
                <svg
                  fill="none"
                  height="12"
                  viewBox="0 0 18 12"
                  width="18"
                  xmlns="http://www.w3.org/2000/svg"
                >
                  <path
                    className="Icon__Shape"
                    clipRule="evenodd"
                    d="M0 12H18V10H0V12ZM0 7H11V5H0V7ZM0 0V2H18V0H0Z"
                    fillRule="evenodd"
                  />
                </svg>
              </span>
            </button>
            <h6
              className="MuiTypography-root makeStyles-title-106 MuiTypography-h6"
            >
              Dashboard
            </h6>
            <button
              aria-label="Menu"
              className="MuiButtonBase-root MuiIconButton-root makeStyles-menuButton-105 MuiIconButton-colorInherit MuiIconButton-edgeEnd"
              disabled={false}
              onBlur={[Function]}
              onClick={[Function]}
              onDragLeave={[Function]}
              onFocus={[Function]}
              onKeyDown={[Function]}
              onKeyUp={[Function]}
              onMouseDown={[Function]}
              onMouseLeave={[Function]}
              onMouseUp={[Function]}
              onTouchEnd={[Function]}
              onTouchMove={[Function]}
              onTouchStart={[Function]}
              tabIndex={0}
              type="button"
            >
              <span
                className="MuiIconButton-label"
              >
                <svg
                  height="24"
                  viewBox="0 0 24 24"
                  width="24"
                  xmlns="http://www.w3.org/2000/svg"
                >
                  <path
                    d="M0 0h24v24H0V0z"
                    fill="none"
                  />
                  <path
                    className="Icon__Shape"
                    d="M12 2C6.48 2 2 6.48 2 12s4.48 10 10 10 10-4.48 10-10S17.52 2 12 2zM7.07 18.28c.43-.9 3.05-1.78 4.93-1.78s4.51.88 4.93 1.78C15.57 19.36 13.86 20 12 20s-3.57-.64-4.93-1.72zm11.29-1.45c-1.43-1.74-4.9-2.33-6.36-2.33s-4.93.59-6.36 2.33C4.62 15.49 4 13.82 4 12c0-4.41 3.59-8 8-8s8 3.59 8 8c0 1.82-.62 3.49-1.64 4.83zM12 6c-1.94 0-3.5 1.56-3.5 3.5S10.06 13 12 13s3.5-1.56 3.5-3.5S13.94 6 12 6zm0 5c-.83 0-1.5-.67-1.5-1.5S11.17 8 12 8s1.5.67 1.5 1.5S12.83 11 12 11z"
                  />
                </svg>
              </span>
            </button>
          </div>
        </header>
      </div>
    </div>
    <div
      className="MuiGrid-root MuiGrid-item MuiGrid-grid-xs-12"
    >
      <div>
        <div
          className="MuiDrawer-root MuiDrawer-docked SideBar-menu"
        >
          <div
            className="MuiPaper-root MuiPaper-elevation0 MuiDrawer-paper MuiDrawer-paperAnchorLeft MuiDrawer-paperAnchorDockedLeft"
            style={
              Object {
                "visibility": "hidden",
              }
            }
          >
            <nav
              className="SideBar-menu__Header"
              onClick={[Function]}
            >
              <svg
                fill="none"
                height="62"
                viewBox="0 0 94 62"
                width="94"
                xmlns="http://www.w3.org/2000/svg"
                xmlnsXlink="http://www.w3.org/1999/xlink"
              >
                <rect
                  fill="url(#pattern0)"
                  height="62"
                  width="94"
                />
                <defs>
                  <pattern
                    height="1"
                    id="pattern0"
                    patternContentUnits="objectBoundingBox"
                    width="1"
                  >
                    <use
                      transform="translate(0 -0.00406368) scale(0.000649351 0.000984499)"
                      xlinkHref="#image0"
                    />
                  </pattern>
                  <image
                    height="1024"
                    id="image0"
                    width="1540"
                    xlinkHref="data:image/png;base64,iVBORw0KGgoAAAANSUhEUgAABgQAAAQACAYAAAAumjI4AAAACXBIWXMAAAsSAAALEgHS3X78AAAgAElEQVR4nOzd4XUUZ7bv4b9n+bt0I6AzQCcCeiKAEwGaCOBGYN0IRhOB5QgGR+AmgoEIThPBRRFwP5T6SsYSIKnVu97az7NWLxiPvbQR1SXp/VW99dOXL18CAAAAAAAs29+qBwAAAAAAAJ6eIAAAAAAAAA0IAgAAAAAA0IAgAAAAAAAADQgCAAAAAADQgCAAAAAAAAANCAIAAAAAANCAIAAAAAAAAA0IAgAAAAAA0IAgAAAAAAAADQgCAAAAAADQgCAAAAAAAAANCAIAAAAAANCAIAAAAAAAAA0IAgAAAAAA0IAgAAAAAAAADQgCAAAAAADQgCAAAAAAAAANCAIAAAAAANCAIAAAAAAAAA0IAgAAAAAA0IAgAAAAAAAADQgCAAAAAADQgCAAAAAAAAANCAIAAAAAANCAIAAAAAAAAA0IAgAAAAAA0IAgAAAAAAAADQgCAAAAAADQgCAAAAAAAAANCAIAAAAAANCAIAAAAAAAAA0IAgAAAAAA0IAgAAAAAAAADQgCAAAAAADQgCAAAAAAAAANCAIAAAAAANCAIAAAAAAAAA0IAgAAAAAA0IAgAAAAAAAADQgCAAAAAADQgCAAAAAAAAANCAIAAAAAANCAIAAAAAAAAA0IAgAAAAAA0IAgAAAAAAAADQgCAAAAAADQgCAAAAAAAAANCAIAAAAAANCAIAAAAAAAAA0IAgAAAAAA0IAgAAAAAAAADQgCAAAAAADQgCAAAAAAAAANCAIAAAAAANCAIAAAAAAAAA0IAgAAAAAA0IAgAAAAAAAADQgCAAAAAADQgCAAAAAAAAANCAIAAAAAANCAIAAAAAAAAA0IAgAAAAAA0IAgAAAAAAAADQgCAAAAAADQgCAAAAAAAAANCAIAAAAAANCAIAAAAAAAAA0IAgAAAAAA0IAgAAAAAAAADQgCAAAAAADQgCAAAAAAAAANCAIAAAAAANCAIAAAAAAAAA0IAgAAAAAA0IAgAAAAAAAADQgCAAAAAADQgCAAAAAAAAANCAIAAAAAANCAIAAAAAAAAA0IAgAAAAAA0IAgAAAAAAAADQgCAAAAAADQgCAAAAAAAAANCAIAAAAAANCAIAAAAAAAAA0IAgAAAAAA0IAgAAAAAAAADQgCAAAAAADQgCAAAAAAAAANCAIAAAAAANCAIAAAAAAAAA0IAgAAAAAA0IAgAAAAAAAADQgCAAAAAADQgCAAAAAAAAANCAIAAAAAANCAIAAAAAAAAA0IAgAAAAAA0IAgAAAAAAAADQgCAAAAAADQgCAAAAAAAAANCAIAAAAAANCAIAAAAAAAAA0IAgAAAAAA0IAgAAAAAAAADQgCAAAAAADQgCAAAAAAAAANCAIAAAAAANCAIAAAAAAAAA0IAgAAAAAA0IAgAAAAAAAADQgCAAAAAADQgCAAAAAAAAANCAIAAAAAANCAIAAAAAAAAA0IAgAAAAAA0IAgAAAAAAAADQgCAAAAAADQgCAAAAAAAAANCAIAAAAAANCAIAAAAAAAAA0IAgAAAAAA0IAgAAAAAAAADQgCAAAAAADQgCAAAAAAAAANCAIAAAAAANCAIAAAAAAAAA0IAgAAAAAA0IAgAAAAAAAADQgCAAAAAADQgCAAAAAAAAANCAIAAAAAANCAIAAAAAAAAA0IAgAAAAAA0IAgAAAAAAAADQgCAAAAAADQgCAAAAAAAAANCAIAAAAAANCAIAAAAAAAAA0IAgAAAAAA0IAgAAAAAAAADQgCAAAAAADQgCAAAAAAAAANCAIAAAAAANCAIAAAAAAAAA0IAgAAAAAA0IAgAAAAAAAADQgCAAAAAADQgCAAAAAAAAANCAIAAAAAANCAIAAAAAAAAA0IAgAAAAAA0IAgAAAAAAAADQgCAAAAAADQgCAAAAAAAAANCAIAAAAAANCAIAAAAAAAAA0IAgAAAAAA0IAgAAAAAAAADQgCAAAAAADQgCAAAAAAAAANCAIAAAAAANCAIAAAAAAAAA0IAgAAAAAA0IAgAAAAAAAADQgCAAAAAADQgCAAAAAAAAANCAIAAAAAANCAIAAAAAAAAA0IAgAAAAAA0IAgAAAAAAAADQgCAAAAAADQgCAAAAAAAAANCAIAAAAAANCAIAAAAAAAAA0IAgAAAAAA0IAgAAAAAAAADQgCAAAAAADQgCAAAAAAAAANCAIAAAAAANCAIAAAAAAAAA0IAgAAAAAA0IAgAAAAAAAADQgCAAAAAADQgCAAAAAAAAANCAIAAAAAANCAIAAAAAAAAA0IAgAAAAAA0IAgAAAAAAAADQgCAAAAAADQgCAAAAAAAAANCAIAAAAAANCAIAAAAAAAAA0IAgAAAAAA0IAgAAAAAAAADQgCAAAAAADQgCAAAAAAAAANCAIAAAAAANCAIAAAAAAAAA0IAgAAAAAA0IAgAAAAAAAADQgCAAAAAADQgCAAAAAAAAANCAIAAAAAANCAIAAAAAAAAA0IAgAAAAAA0IAgAAAAAAAADQgCAAAAAADQgCAAAAAAAAANCAIAAAAAANCAIAAAAAAAAA0IAgAAAAAA0IAgAAAAAAAADQgCAAAAAADQgCAAAAAAAAANCAIAAAAAANCAIAAAAAAAAA0IAgAAAAAA0IAgAAAAAAAADQgCAAAAAADQgCAAAAAAAAANCAIAAAAAANCAIAAAAAAAAA0IAgAAAAAA0IAgAAAAAAAADQgCAAAAAADQgCAAAAAAAAANCAIAAAAAANCAIAAAAAAAAA0IAgAAAAAA0IAgAAAAAAAADQgCAAAAAADQgCAAAAAAAAANCAIAAAAAANCAIAAAAAAAAA0IAgAAAAAA0IAgAAAAAAAADQgCAAAAAADQgCAAAAAAAAANCAIAAAAAANCAIAAAAAAAAA0IAgAAAAAA0IAgAAAAAAAADQgCAAAAAADQgCAAAAAAAAANCAIAAAAAANCAIAAAAAAAAA0IAgAAAAAA0IAgAAAAAAAADQgCAAAAAADQgCAAAAAAAAANCAIAAAAAANCAIAAAAAAAAA0IAgAAAAAA0IAgAAAAAAAADQgCAAAAAADQgCAAAAAAAAANCAIAAAAAANCAIAAAAAAAAA0IAgAAAAAA0IAgAAAAAAAADQgCAAAAAADQgCAAAAAAAAANCAIAAAAAANCAIAAAAAAAAA0IAgAAAAAA0IAgAAAAAAAADQgCAAAAAADQgCAAAAAAAAANCAIAAAAAANCAIAAAAAAAAA0IAgAAAAAA0IAgAAAAAAAADQgCAAAAAADQgCAAAAAAAAANCAIAAAAAANCAIAAAAAAAAA0IAgAAAAAA0IAgAAAAAAAADQgCAAAAAADQgCAAAAAAAAANCAIAAAAAANCAIAAAAAAAAA0IAgAAAAAA0IAgAAAAAAAADQgCAAAAAADQgCAAAAAAAAANCAIAAAAAANCAIAAAAAAAAA0IAgAAAAAA0IAgAAAAAAAADQgCAAAAAADQgCAAAAAAAAANCAIAAAAAANCAIAAAAAAAAA0IAgAAAAAA0IAgAAAAAAAADQgCAAAAAADQgCAAAAAAAAANCAIAAAAAANCAIAAAAAAAAA0IAgAAAAAA0IAgAAAAAAAADQgCAAAAAADQgCAAAAAAAAANCAIAAAAAANCAIAAAAAAAAA0IAgAAAAAA0IAgAAAAAAAADQgCAAAAAADQgCAAAAAAAAANCAIAAAAAANCAIAAAAAAAAA0IAgAAAAAA0IAgAAAAAAAADQgCAAAAAADQgCAAAAAAAAANCAIAAAAAANCAIAAAAAAAAA0IAgAAAAAA0IAgAAAAAAAADQgCAAAAAADQgCAAAAAAAAANCAIAAAAAANCAIAAAAAAAAA0IAgAAAAAA0IAgAAAAAAAADQgCAAAAAADQgCAAAAAAAAANCAIAAAAAANCAIAAAAAAAAA0IAgAAAAAA0IAgAAAAAAAADQgCAAAAAADQgCAAAAAAAAANCAIAAAAAANCAIAAAAAAAAA0IAgAAAAAA0IAgAAAAAAAADQgCAAAAAADQgCAAAAAAAAANCAIAAAAAANCAIAAAAAAAAA0IAgAAAAAA0IAgAAAAAAAADQgCAAAAAADQgCAAAAAAAAANCAIAAAAAANCAIAAAAAAAAA0IAgAAAAAA0IAgAAAAAAAADQgCAAAAAADQgCAAAAAAAAANCAIAAAAAANCAIAAAAAAAAA0IAgAAAAAA0IAgAAAAAAAADfxcPQDw/50keVU9BHBQm69+BQAAAHgyP3358qV6BiC5SPK6egig1MckH5K8yxQIPpdOAwAAACyOIAD13ib5Z/UQwOz8nikOvIs4AAAAAOyBIAD1tkmeVQ8BzNZlpruIzjOdLwAAAAAeRBCAet6EwI/6LclZhAEAAADgAQQBqOdNCNzHZaa7Bc6K5wAAAAAGIwhAPW9C4CE+JTnN9ABiAAAAgO/6W/UAAMCDPEvyR9wpAAAAAPwgdwhAPW9C4LHeJ3mV5HP1IAAAAMB8CQJQz5sQ2IePSdYRBQAAAIA72DIIAJbheZJtkpPiOQAAAICZEgQAYDmOMj1kWBQAAAAA/kIQAIBlOUpykeS4eA4AAABgZjxDAOp5EwJP4WPcKQAAAADc4A4BAFim55nuFAAAAABI4g4BmANvQuAp/XeSd9VDAAAAAPUEAajnTQg8pcskqySfi+cAAAAAitkyCACWbfeQYQAAAKA5dwhAPW9C4BD+nmRTPQQAAABQRxCAet6EwCF8THJSPQQAAABQx5ZBANDD8ySn1UMAAAAAddwhAPW8CYFDcZcAAAAANOYOAQDo43mSdfUQAAAAQA1BAAB6Oa0eAAAAAKhhyyCo500IHNr/SvK5eggAAADgsNwhAAD9vKoeAAAAADg8QQAA+llXDwAAAAAcni2DoJ43IXBol0mOq4cAAAAADssdAgDQz1GSk+ohAAAAgMMSBACgJ0EAAAAAmhEEAKCnVfUAAAAAwGEJAgDQ07p6AAAAAOCwBAEAAAAAAGjgpy9fvlTPAN15EwJVfqoeAAAAADgcdwgAAAAAAEADggAAAAAAADQgCAAAAAAAQAOCAAAAAAAANCAIAAAAAABAA4IAAAAAAAA0IAgAAAAAAEADggAAAAAAADQgCAAAAAAAQAOCAAAAAAAANCAIAAAAAABAA4IAAAAAAAA0IAgAAAAAAEADggAAAAAAADTwc/UAwKK8T7K9esGo1le/niQ5KpwDAAAAYK8EAWAfPiZ5FSGA5TlJ8jbJ6+pBAAAAAB7rpy9fvlTPAN2N/ib8lGnR9HP1IPCEVkneJXlePMe+/VQ9AAAAAHA4niEAPNZZxACWb5spfP1WPAcAAADAgwkCwGNtqweAAzpN8nv1EAAAAAAPIQgAwP2cJrmsHgIAAADgvgQBALifz5keNAwAAAAwFEEAAO7vIu4SAAAAAAYjCADAw1xUDwAAAABwH4IAADzMh+oBAAAAAO5DEACAh9lWDwAAAABwHz9XDwAAwCydJDm+5Z8fX/1/d1ldvX7UKsmze/z7P+JjpgeAf21z4/efc32nzzYiHwAA0IAgAACwHF8v4q/y18X59Vf/+zjJ8yebqMZdf54X3/nvLnMdCTa5jgbbCAYAAMACCAIAAPOzvvH7m4v8X1+dv8r+r67v7CjX0eDreLCLBV+/AAAAhiEIAADUOU3yKtNC//euXqfWLhbc/HvaRYLNjRcAAMBs/fTly5fqGaC70d+Ef48FEHpaJ/mjeohH+ql6gObOk7ypHoK9usz0NfHd1eu25xgAAACU+Vv1AAAATYkBy3OU5GWSX5P830xR4DS3P5wZAADg4AQBAAB4Grs4sE1ykT8//wEAAODgBAEAAHhaR0leJ/lPpi2FTiuHAQAA+hIEAADgcF7k+q6B09JJAACAdgQBAAA4vGeZwsAm00PKAQAAnpwgAAAAdV4k+SPTMwY8fBgAAHhSggAAANR7nWkboVfFcwAAAAsmCAAAwDwcJfl3kvO4WwAAAHgCggAAAMzLm0zPFljVjgEAACyNIAAAAPPzPMmHJCfVgwAAAMshCAAAwDwdZbpTQBQAAAD2QhAAAID5EgUAAIC9EQQAAGDeRAEAAGAvBAEAAJg/UQAAAHg0QQAAAMZwlORdkuPqQQAAgDEJAgAAMI5nSS6qhwAAAMYkCAAAwFheJnlbPQQAADAeQQAAAMbzz3ieAAAAcE+CAAAAjOm8egAAAGAsggAAAIzpRZLT6iEAAIBxCAIAADCu8yTH1UMAAABjEAQAAGBcR/GAYQAA4AcJAgAAMLa3cZcAAADwAwQBAAAYm7sEAACAHyIIAADA+NwlAAAAfJcgAAAA4ztK8qp6CAAAYN4EAQAAWAbbBgEAAN8kCAAAwDI8T3JSPQQAADBfggAAACzHafUAAADAfAkCAPAwrsIF5shzBAAAgDsJAgBwf8dJzqqHALjFswiWAADAHQQBALifVZJNkqPaMQDu5C4BAADgVj9XDwAwE+tMCyiuquRbjjM9tBNgzl7FXUwAAMAtBAGA5CLJ6+ohAGBPnmcKmJ+rBwEAAObFlkFAd2cRAwBYnnX1AAAAwPwIAkB3b6sHAIAnsK4eAAAAmB9BAOjOg2EBWKJ19QAAAMD8eIYAAAAP8fckm6KPvbp67Zxk2jN/989PIvh6ADoAAPAXggAAAKPZXr12Nrf8O8eZwsA6yav0XCBfpy7aQHId637Uh3gYNvuxyp/D8fds8+evK3Bfu+877sM5DyghCAAAsESfMy2GbzI9QH6VKQycpk8cWFUPwPB2C/o3F7q+XvRaJXl2gFk+5s8LZ58zLabtbHO9oPv1/8d4Vrk+h61v/PObvz/OYc7nn/LXWLC58fuvj7dNGNHNc9vNmLn+6t97caB53t/4/c1j7ObvNweaBViYn758+VI9A3Q3+puwcsuIfRj98w+P8VP1AM2Nfv4Z+fy/zhQJDvVDfZV/JXl74I/5NlN4mevn9jLTcXuecY/ffTvJ9VZbqyxv263LXC+ebXO9sLu5+tUVunVWV691rhdjVzlMYDqU3aLuzUXc3TG3jbsSKqzz12Nv9AsFdsfZJtfH1aZmFGAEggDUG/1NOPKCUDL+5x8eQxCoNfr5Z/TzfzItXF9kOQufX3ufwz5c+DzJmwN+vMf67yTvqoc4sFWmY+Lk6jXXcFNhdxX4buH26195nONcH3u7X5d67r2vm9Fqc8evPMzN4+0k4y/839fHTMfW5upX5zIgiSAAczD6m3D0BaHRP//wGIJArdHPP6Of/3dWmRaFl7hI8CmH2zZoleR/DvSx9uVj7r/f82iOM4Wv9dVrSVdeH9pu0XZ79drFgk3ZRPO2CwC71xLPsYf0Ptdxaps/H4Nc253zduc90enPLjN9z7O5+tXxA00JAlBv9Dfh6AtCo3/+4TEEgVqjn39GP//fdJzpz7LEBatDvc/XSf440MfapyWeB1fp97yMartYsFus3f2+22LbzcXYl8WzdPF1qNqk31ZEx5nOd6dxzruv3zOFAXEAmhEEoN7ob8LRF4RG//zDYyxxIWwko59/Rj//f22pUeC/cpgtAtYRBKqdXr1sAzQfN0PBRZa7Xcc607H3unYMvvI+UxjYLfguzTrTc2vEp/34LdN5alM7BnAIf6seAAAAZuBzpqtaL6sH2bPj6gF4UseZHpD9OcmvEQPm5ijT38mbJP/JtCi7pPfkaaYF5z8iBszRi0x/L//OtMi7qhxmj05zfdyJAfvzOtPndJPpcwwsmCAAAACTbabF1SVZ+h75Xe1CwDbJL7FP9iheZhlX355mOvZ+jedSjOJFpjtURg5Sp3HcHcKLTJ/jbaa7MIAFEgQAAODaeaaH8S7FyIs/3O4sQsDInmfc8PgqFmRHdpQxtw46yRTSHHeH9SzXdwysSicB9k4QAACAPzurHmCPBIHlWEcIWIq31QPc0yrTouC/Y0F2dC8y1p1jZ5m227IdWp3d3SWjnbeAbxAEAADgzy6ynGcJjLTww93OMl2paTF2GY4yzlYcp5kWAy3ILser6gF+wCrTcfdL8RxMjpL8M1MYdKEBLIAgAAAAf3VRPQBkWnixKLZM6+oBvuM403nw17gjZWnW1QN8x0mm897z6kH4ixeZ7lRzsQEMThAAAIC/GnGf5du4km9cJ5kWXiyKcWjHma4Efl08B/2cZtoiSISar6NM54cR7jQB7iAIAADAX22qB9gTi8ljWmc6Bi2KcWi7B7g6d3Bop5nuSGH+jjI9U+S0eA7ggQQBAAC43fvqAWjpNNPzAsQADk0MoMppxIAR/Rp3CsCQBAEAALjdh+oBaOckyXn1ELR0nGmrNCGKQ1tHDBjZRTxTAIYjCAAAwO0EAQ5pd3W2BVkObffMgGfFc9DPSZbzzJ6uds8U8MwiGIggAAAAt9tWD7Anq+oB+K7jTFdZigFUOI9tgjg8573lOIqwA0MRBAAA4Hbb6gH2ZFU9AN91EQuy1Hib5HX1ELR0Fue9JXmR6e8UGIAgAAAAt9tWD0ALr5K8rB6Clk6S/LN6CFpaJ3lTPQR790s8TwCGIAgAAADU2G2ZARUuqgegrYvqAXgy59UDAN8nCAAAwN0+VQ/Aop3H/tnUeBvbtVDjbTzAesleJDmtHgL4NkEAAADutq0egMVax97t1DiOvb6p4djr4ax6AODbBAEAAIDDO6segLbexp0p1HDs9fAs7hKAWRMEAAAADmudaVsFOLTjTIuycGiOvV7OqgcA7iYIAAAAHNZZ9QC05QptqryKY68TdwnAjAkCAAAAh3MSdwdQwxXaVDqrHoCDO60eALidIAAAAHA4FmSp4gptqqwzXTFOLy+SrKqHAP5KEAAAADiM40yLslBBjKLKafUAlHHegRkSBAAAAA7DFdpUWSV5Xj0EbQmhffm7hxkSBAAA4G4n1QOwKBZGqOIqXaoIob09i++lYHYEAQAAuNsSFjE+VA9Akmm7oJfVQ9CWGEUVxx6n1QMAfyYIAADAsn2uHoAkFsWos4oHulLHuQ/HAMyMIAAAALdzizv7ZEGEKo49qpxkGXfa8TjPMoVJYCYEAQAAuN1x9QAsyrp6ANpaVw9AW+vqAZiNdfUAwDVBAAAAbucOAfbFVbJU8uwKqrg7hZ119QDANUEAAABut6oeYA8+Vg9AEgsh1FlXD0Brwjo76+oBgGuCAAAA3G5dPcAeeKDwPKyrB6CtdfUAtOXOKG56FlsxwmwIAgDQ06fqAWDmjpM8rx6CxVhXD0BbrtCmimOPr62rBwAmP1cPAACUOKseAGZuKfsef6gegKyy/KtkL5NsMh1v26vX5xzu+NskeXGgjzWaDouy7zMdAzePuc2BPvZZkl8O9LFG0+HY+5jr897m6p9tr17fssr1toTrq9+vM11Fv2QnSd5VDwEIAgDQ0b+SXFQPATO3lCBgy6B6S10U+5TkPNchgPk5zjIXGC8zfR/zLodb+Of+lnrue5/p+Nvk+wv/d9ne+G83N/75KtP3H6dZ5l2KSz0mYDiCAMAy3LwyD77lXRwn8D2rJC+rh9gTQaDe0hZAPiZ5GwuxI1jasfcp0xX5F7Vj8IOWdtfO+0zH3+YJP8Y2U2g9z3THwFmW9Xlc2jkJhiUIAIzv90xXkVj0AdiP0+oB9kgArLekBZD/nWmhijGsqwfYo98yhSjf745hVT3AHl1mOvYuDvxxN5new2+T/PPAH/upLPGOJRiShwoDjO1jpttK/XAEsB+rLGs/aF8f6q2qB9iDyyT/FTFgNMfVA+zJP+Lil9GsqgfYk8tMi/IXhTOcZzr/XhbOsE/r6gEAQQBgdH4wB9ivi+oB9swdAvVG3wd6tyDmWBrPEu5O+UeWd17uYAnH3pzOfR+ynIX0pYRKGJogADC2TfUAAAtylmXt1fupegAWcZXsaeaxIMb9jb4o+6+IAaNawqLv28zr3Pch07Ztoxv9vASLIAgAjG1bPQDAQpxmWVsFJb5GzMGqeoBH+j3Tw+gZ01H1AI+we4AwY1pXD/BI7zPPGHWeabaRraoHAAQBAAC4SPJr9RBPYFM9AMMvfLytHoAHG/0q3LN4ZgB1TqsH+Iaz6gEeaVU9ACAIAADQ1zrTLfivi+d4KtvqARh64eO3OIZGNvKWLZ8yz6uz+XEjb78393PfJmPfJTDyuQkWQxAAAKCbdaYfqP/I+A98/ZY57X3c1ap6gEc4rx6AR1lVD/AIjj0qXVQP8AMuqgd4hCV/3wXDEAQAAOhgnWmRaZspBIx89eKPuIwgMAer6gEe6FMcP6NbVQ/wCJ5bMbaRt6v6lDG227vI9HUe4EF+rh4AAAD26DjTYsTq6rXO8hf/b2Mxl8ewIEuVj5n3di1838hbwmyqB7iHTZKX1UM80El8nwKlBAEAAB7iNNNie5VV/nwF7CrJs4pBZmpTPQBJxr1SdlM9AI+2rh7ggcQoKo10/L3LuEFg5GgEiyAIAADwEEt9EO9SbKoHIElyVD3AA22qB6AtVw2Pb109wCNsqge4B+8V4ME8QwAAAJblMmMtajAvn5J8rh6CtixyUmW0c9+HjPscgXX1ANCdIAAAAMuyqR6AJOM+1HVbPQB7Mep2VdvqAWhrxBg14szADAgCAACwLCPtgbxkq+oBHmhTPQB7MeJ2Ve+rB2AvVtUDPNCIi+sjzgzMgCAAAADLIggAIxppuxbutqoe4IG21QM8wKjvGQ8VhmKCAAAALMfvGXeBgHnYVA9AW652ptK2eoAH2FQP8ECjbmkGiyEIAADAclxUDwCUW1UPAAPaVg8AcCiCAAAALMOn2C5oTtbVAzyQO0zGt6oe4IG21QPQ2rZ6gAdwVw3wIIIAAAAsw0X1ACyCBSaqbKsHYC9eVA/QiIALPIggAAAA47tMcl49BAAM6GP1AACHJAgAAMD4zuNKQQB4iJG/fo4YMzxUGIoJAgAAMDZ3BwBATyPGjKPqAaA7QQAAAMbm7gD25bJ6AFrbVA8AAB0IAgAAMK5PcXcA++OBwkBHojrQitsvvHgAACAASURBVCAAAADjOo2FDAB4DDEUaEUQAACAMf0rttgAAADuQRAAAIDxfExyVj0EMEvH1QMAB7OtHgAYjyAAAABjuYytgoC7nVQPQFur6gEa2lYPAIxHEAAAgLG8iv2OAZifVfUAAHyfIAAAAOP4Rzw3AAAAeCBBAAAAxvCPJBfVQwCzZzsxAOBOggAAAMyfGAD8KFuKAQB3+rl6AAAA4E6XSdaxwAcAAOyBOwQAAGCePiY5iRgAAADsiSAAAADz838yxYBt8RwAAMCC2DIIAADm42OS07grAAAAeALuEAAAgHqfMj042BZBAIzK1y+AAbhDAAAA6lwmOb96fS6eBQAew9exwzupHgAYjyAAAACH9ynJWZKL2jEAgIEdVw8AjEcQAACAw7hM8i5TBNiUTgK3c6UplY7jCnMAeHKCAAAAPJ1dBNjE3QDM31H1ALR2ErGUGuvqAQAOSRAAAID9+phpUWsXAujJlc4AAMyOIAAAAPvxj0wRwEIwSfKhegDacuwBAHf6W/UAAACwEK8iBgD1nIegjxGf/fKpegDoThAAAID9eJkpCsDI1tUD0NaIC5ssw6p6gEcY8dkv2+oBoDtbBgEA8BC/5XE/0J1kWkBfmvNMzw1whS7A/RxXD8BeXGa8Repn1QMAHJIgAMAcnGa6InFVOsXybZNcxENO2Y+LPO5YOs60z/XSfgh/luQsydviOagnCgEdfUjyonqIJlbVAwBjEgQAqHSc6QGcfmg4jBdJXme6svu0dhTI50zH4R/FczyFN5mCiQd79jbq3/86wvESvM9431+tqwegtZOMd95eVQ8AjMkzBACodJbxflhdgteZPvdQbZMpUC3RRfUAAMAPG3HLqlX1AMCYBAEAKr2pHqCx0+oB4MrbTPsNL83zCG+MaV09AG25SIRKIz7UelU9wANtqgeA7gQBAKqsqwdobmn7tjOu3dZBS/Q24/6wzn58rB7gAVbVA7AX2+oBHmjEq7T5s9G23dlZVQ/wACNGDGAGBAEAAKq9y7Tf9dIcxdZB3Y34YGHBeBm21QM8kAXO8Y143kvGPPZW1QMAYxIEAACYg9Msc+ugF0leVQ8B97SuHoC21tUD0NaIQeB59QAPtK0eALoTBAAAmINtlrvn/kVsg9HVqFtnrKsH4NG21QM80Lp6AB5tWz3AAx1lrCiwrh7gEbbVA0B3ggAAAHNxnjH3XP+eoyw3dvBto26dsa4egEfbVg/wQB4sPL5t9QCPsK4e4B7W1QMA4xIEAACYk9PqAZ7Im/jhvaNRg8CLuKtldKMee4lt1qizrh7gHkZ+n2yrB4DuBAEAAObkQ5J/VQ/xRM6rB+DgRt0yKBl7sQnHHnVGPvZeZowYusq4zw9IBAEoJwgAADA3Z0k+VQ/xBJ7H1kHdjHyV9ln1ALT1OmMsynK7kc97yRh3Kp5WDwCMTRAAAGBuPme5P+y+zXRlHz2MfKXss4y1fQZ/9b56gEd4Wz0Aj3JZPcAjzP3YO878Z/yWkc9LsBiCAAAAc7RJ8nv1EE/gKMlF9RAc1MgLYxfVA/AoI1+p/UvE05GNHkNPq4f4hreZvpcAeDBBAACAuTrN2Iupd3kRe2R3MvrCmGdfjGvkYy8RpEY2coxKpvPeHLetWmXsuwOS6YIPoJggAADAXH3O+D/43uUi81xsYP+21QM80pvM+2pZ7ratHuCRXkQUGNXoMWqud/O9i7sDgD0QBAAAmLOLLHO/2aN4aGsX2+oB9uDXiAIj2lYPsAevM8+FWb5tWz3AHrzMvI69iyTPq4fYg031AIAgAADA/J1mmVsHvYmHtnawqR5gT37NfLfR4HajX6W98zrT+8ixN45t9QB7sgtSlcfecaY7A14XzrBP2+oBAEEAAID522a5+5gv9c/FtW31AHv0JtMi82nxHPyYz0k+VQ+xJy8yvZfOIgyMYFM9wB7tgtS64GOvM51zXxZ87KeyrR4AEAQAABjDWZKP1UM8geexddDSbbOsO1yeZbpbYJspaJ2UTjM9ZNMC8d221QPs0VGSXzL9mS5S/3D240zHH7dbSoxKpq/Vf+RwYeDV1cf6I9M5dymWuAUkDOnn6gEAAOAHnSb5T/UQT+CXTItb29oxeEIfMl3hvCTPMt0x8CZT8Nhk+nN+yHRl+maPH2t99evqq9fSPqdPYZPlfZ6OMl21vdtC5X2mP+f26rU7BvfhJNPC//GN359cvTzc9du2WdZidjK9l/7IFDv+X3v3ehXXla1h+Ose/i8yECcC0xEIR2A5gsYRtByBUQQHRXBKGaAIXMoAMigygAh8fmyqC13QDai595rPM0aNktR2a0osb2C9+3Ke3XFv88D/38NMx7njTDFg1LW1qR4AmAgCAAAsxUWSN5k2IEeziucJjGyd8TZl73qW6ZYW993W4nvPCrXZ+nhGeY7Al7zI/f99fe/aO8x4m9hV1hn3uHc3iG5t19q3BKnD7K4uGfXv6HM6HI9gEQQBAACW5DTT2XOjbdi8yHQFxKp2DJ5I902QThtec2PtUaXb2nvx0Tuf6rYmYLY8QwAAgCW5zrgPND2Le6GPyiYIVTYZ617uLMe6egBmZ109ADARBAAAWJp1knfVQzyBZ5miAOPZxKYsddbVA9DSdRz32PFAYZgRQQAAgCU6yfQg09H8O54lMKp19QC0ta4egLbW1QMwG66UgxkRBAAAWKLrJK+qh3giq+oBeBLr6gFoa109AG2tqwdgNtbVAwA7ggAAAEu1ypiXoD/P9PBkxnJePQBtbZJcVg9BS+vqAZgNnwNhRgQBAACW7CRj3jrozySH1UPwqK5jU5Y66+oBaGkTxz3GfO4TLJogAADAkm0y7oN4V9UD8OhW1QPQ1qp6ANpyZjjr6gGADwkCAAAs3WnGPAPxRaYrIBiHjTGqXCS5qh6Clhz3sAZgZgQBAABGMOoDhs+SHFQPwaPZZMx4xTLYlKOCGNXb+0yf+4AZEQQAABjBOsmb6iGewLOMe0ukrlbVA9DWqnoA2vJ5rK9V9QDApwQBAABGcZoxz0L8d5Lj6iF4NKvqAWjrIq5QoYarU3q6iY89zJIgAADAKK4z7q2DVtUD8Giuk7ytHoK2nKlNhU0c9zo6z/Q5D5gZQQAAgJGcJ3lXPcQTeJ7pCgjGYFOWKueZztqFfVtVD8DenVYPAHyeIAAAwGhOMuaG159JjqqH4FFcZHrQIuzbdQQpaqzjuNfJu3iYMMyWIAAAwGiuM+5ZaTbyxnFaPQBtnWXMaMr8nVYPwN74egVmTBAAAGBEZxnzTMQXGfc5Cd2sM+YaZf5cJUCVdRz3Onib6WMNzJQgADzUQfUAAHCPk+oBnshpfP4dxWn1ALTlKgGqiNrjO60eAPgyQQB4qOPqAQDgHpskr6uHeALP4uGMo1hnOpMS9u06NmapcZHkTfUQPJnX8ewAmD1BAHiok+oBAOALTpNcVg/xBH6NKD+KV3GmNjVWcfsWapwmuaoegkd3GVcHwCIIAsBDPYsoAMC8jXoW7CpuHTSC6/haijqCFBUc98Z0Uj0A8G0EAeAxnMWGBADztc6Ytyd4nnFjRzfnSd5VD0FLF3FGLzXWGfO2fl39kel4AiyAIAA8hmeZvpFdmqPqAQDYm9OMeXuCP+Pz2ShOMubtrZi/swhS1DiNtTeCt5mOI8BCCALAY3mR5d26wAYKQB8jP0DTN+Fj2N5Cw+1bqHASQYoaJ7H2luwybhUEiyMIAI/p35ku/TyuHeObHMTl0QDdjHpblhcZN3Z0c5FlfB3FeK4zrT1Bin3brj1RYHku43MWLJIgADy2n5P8lWnT5WXxLPc5yhQunhfPAcD+nWTMDa/TLOsqPe53keT36iFoSRSgiiiwPNsYcF08B/ADfqoeABjWr7evJHlfOchHDjJFCwB6us60ef6/xXM8tmeZbt031xjP91ndvp9l+tjCvmyvUlnH2mO/tlHgPNOVb8zX20xXJooBsFCCALAPvqADYE7OMm2cj/b56dfsNvJYvlWmzdl1bMyyXxdJDjOtPSfSsE/bKHCW5D+1o3CP13HrXVg8twwCAKCjk+oBnsgqbh00kotMtzp0Gw32bbsxO+JzV5i/V0l+i9tXzclNkl8iBsAQBAEAADraZDrLbTTP4wHDo9lk2ph9UzsGDV1nuprqj9iYZf/OM12pIkrVe5vdVUPAAAQBAAC6Os2YZ17/memscsZxnSn0/JLkqngW+jnLdEyZ03PB6GEbpRz7alxm+rs/iecFwFAEAQAAOhv1bPpV9QA8iXWmjdnXccY2+7XJdKXK77Exy/6tM52hbv3tx1Wmv+ujuCoAhiQIAADQ2Tpj3orl54wbO7q7znR1y2GEAfZvFWuPOqvswsCIV/hVe5/p2Q2HcWIBDE0QAADgR4x06firjLmxIAiM7eMw4KxZ9uk00wPMbcxSYZXp7PV/Zbq/vTj1464ynRjxP5muAjovnQbYC0EAAIAfcVE9wCM7znibWs+rB5i5UTaQ7oaB3+IBnOzXKjZmqXOR6f72B5mOf28jjn6LbQT4JdPnjleZbgsGNPFT9QAAAE1dZbkbtiN+s32d3ZlxL2pHeTT7/DitM20EPtvj7/lQI54FeX77Osi0nl/evpb0cfke7zOtvZMs93g6iu3GbDKtuePb91E/LpfZPdNjlM8ZS7c9/iXTx+X4zmvUY+C3usm0XteZ/o42hbMAM/CPv//+u3oG6M5/hDzEP6oHeIDjJH9VD9HcktfPCF5mOrNyad+k3mQ6k2xVPMdTOs70ZzzO8j4+W+8z/Rn2eSXHcaaNhiX8nV1mmnekW199yXZz7Oj29XPpNN/vJtNa/vi1tc7yNmVfZ7qyY3SH2a294yxv7SXT8fQi0ybqRT58yOppkj/3PtHDvM/0sejkMLvj3/Htz0eNVVeZ1uo6u2Plpm4cYI5cIQAAUOPuWbxLcpHxN1HX2W34HN6+lmSTmm/+19ltuhwX/P7f4jqfbuh18PEGerLbFDvM7uNVuam+3fTffow22W3Ajn7MGdkmnwbko3y4QXtw+14VE7drL5mODR+vQZZvc/v6+Mqw4+zW3/Y9qV2PX3N3vd49Zl6n3+c24AcJAgAAtdbVA/BFm9gQ+h7bDYl17Rh8g/UX/rft5ljy+Sj2uV/7nO1G1Zd+78fY8D/4+j/CjGwD1edu23WY3dq6u0GbL/zafdb3/N7b9bbJw4/vxw/896m1vn3/0i3kju/8+Evr7zDffwLBJvevwfVXfg7wwwQBAAAA7lraQ8OXeBsaPm+TDzdIR3zWB8uy/ujn1iSweP+sHgAAAAAAAHh6ggAAAABL5XZBVLL+AFgcQQDqXVYPAAAAC/Wt95OHp+B2VQAsjiAA9R76EDUAAOjqsHoA2hKjAFgkQQDqLe2hbQAAMBfH1QPQliAAwCIJAlBPEAAAgB/zsnoA2rL2AFgkQQDqCQIAAPD9XiZ5Vj0ELR0k+bV6iB+0qR4AgFqCANS7SHJTPQQAACzMq+oBHmBdPQAPsuS1t6keAIBaggDMw3n1AAAAsCAvk7yoHoKWDrPsIABAc4IAzMO6egAAAFiIoySr6iFo6SDTyVxuVQXAYgkCMA+uEAAAgK87ynQyjQ1Z9u0g09r7uXiOh7quHgCAWoIAzMN1krfVQwAAwIydZJwYsK4egO9ynOnZb0uPAcn05wCgMUEA5mNVPQAAAMzQy0wb6P+XMWIAy7G9PdVfSZ7XjgIAj+On6gGA/1oneR8PRwMAgJeZzsp+mfE2Ym+qB+CLjjKtu5cZ44qAj22qBwCgliAA87KKIAAAwPgOb193f3x0+z7iJuxdbtlS6yDTWkt2a2/76vC92KZ6AABqCQIwL6tM90bt8IUoAACfd5LkVcbfGO9qzg91PUpyFt+PjOqqegAA6gkCMD+nme5RCQBAP8eZ7pXPuOZ6hcBBxnloM5+3qR4AgHoeKgzzs07ytnoIAABKHFcPwJObaxA4ihgwurmuPQD2SBCAeXoVDxsDAIARbaoHuMdB9QA8uU31AADUEwRgnq4z3TsWAAAYy1zP0j76+j/Cws117QGwR4IAzNd5kjfVQwAAAI/mffUAtLauHgCAeoIAzNur+KYBAABG4Qxtqvi+EoAkggAswcskl9VDAAAAD7auHoC21tUDADAPggDM33WS44gCAACwdOvqAWhrXT0AAPMgCMAyiAIAALBs7zJ9XQ/7dhNBAIBbggAshygAAADLdV49AG1ZewD8lyAAy7KNAm+L5wAAAL6PTVmqrKoHAGA+BAFYnuskJ0n+KJ4DAAD4Nm/jdkHUuIrbBQFwhyAAy3WW5F9xCyEAAJi7VfUAtHVWPQAA8yIIwLJdJDnKdLXATfEsAADAp97HGdrUuIkYBcBHBAEYw1mSwySvIwywHC6bBwA6OK0egLbO4mtuAD4iCMA4rjN9s3GYKQxcVQ7DXiz9Y3wRAavS0tcPACyBqwOochW3CwLgMwQBGM/dMPBbpgeY2XQd0whf4I/wZ1iqV9UDAMDgbpKcVA9BW6/i6gAAPuOn6gGAJ3V++0qS4zuvoyTPSibisbzJGJvpp0kOkvyneI5uXmd3bAAAnsZpkk3xDPT0Lr7WA+AeggD0sc6HlysfZAoD23eW4TrTF/eb4jke06tMceOkeI4ORlw/ADBH7zPGyRssjytTAPgiQQD6us4uEDh7hGqbeOAeADCGqyQvq4egreO4VRAAX+AZAgAAAPA4bjLFABuyVPg9yUX1EADMmyAAAAAAD3eT6exsG7JU+D3JqnoIAOZPEAAAAICHEQOoJAYA8M0EAQAAAPhxVxEDqHGT5LeIAQB8B0EAAAAAfsy7JEcRA9i/y0wh6rx4DgAWRhAAAACA73OT5I94gDA13sRVKQD8oJ+qBwAAAIAFeZ/kJMmmdgwausq09ta1YwCwZK4QAAAAgK+7SvJLpjOzN6WTPI1N9QDc6ybTg4MPIwYA8ECuEAAAAID7XSY5y/gPbt1UD8AnrrJbe25NBcCj+Mfff/9dPQMAAACT4yR/VQ9BkuRtpo3Yde0Ye3OQKQo8K56D6bZUq4wfoQAoIAgAAADMy1mS/1QP0dRldhuxHc/IPsm0/kSB/bvKbu1tKgcBYGyCAAAAwPwcZrpa4Oj29aJymIHdZLoC4Pz2fVM4y1wcZLf2tu8CwdN4n93au6gdBYAuBAEAAIBlOMwuFGx/bLP2+2wDwMXt+7pwliU5yC5OHd55f1430iK9z4frr+NVKAAUEwQAAACW7zi7Tdvtz5PeweAy0xn/F3dem8J5RnWU3VUFd39+mL7B4CrTWlvnwzUIAOUEAQAAgPEd3r6S3Ybtx7+eLOvWRO9v3ze3r+tMm67bd+bhbqg6zG693f31ZFnx6jLTOru71tax9gBYAEEAAACA+xzmw2DwtV9/TJt8ekb/+ol/T+bj42DwtV9/TJ/b2N/GJgBYNEEAAAAAAAAa+Gf1AAAAAAAAwNMTBAAAAAAAoAFBAAAAAAAAGhAEAAAAAACgAUEAAAAAAAAaEAQAAAAAAKABQQAAAAAAABoQBAAAAAAAoAFBAAAAAAAAGhAEAAAAAACgAUEAAAAAAAAaEAQAAAAAAKABQQAAAAAAABoQBAAAAAAAoAFBAAAAAAAAGhAEAAAAAACgAUEAAAAAAAAaEAQAAAAAAKABQQAAAAAAABoQBAAAAAAAoAFBAAAAAAAAGhAEAAAAAACgAUEAAAAAAAAaEAQAAAAAAKABQQAAAAAAABoQBAAAAAAAoAFBAAAAAAAAGhAEAAAAAACgAUEAAAAAAAAaEAQAAAAAAKABQQAAAAAAABoQBAAAAAAAoAFBAAAAAAAAGhAEAAAAAACgAUEAAAAAAAAaEAQAAAAAAKABQQAAAAAAABoQBAAAAAAAoAFBAAAAAAAAGhAEAAAAAACgAUEAAAAAAAAaEAQAAAAAAKABQQAAAAAAABoQBAAAAAAAoAFBAAAAAAAAGhAEAAAAAACgAUEAAAAAAAAaEAQAAAAAAKABQQAAAAAAABoQBAAAAAAAoAFBAAAAAAAAGhAEAAAAAACgAUEAAAAAAAAaEAQAAAAAAKABQQAAAAAAABoQBAAAAAAAoAFBAAAAAAAAGhAEAAAAAACgAUEAAAAAAAAaEAQAAAAAAKABQQAAAAAAABoQBAAAAAAAoAFBAAAAAAAAGhAEAAAAAACgAUEAAAAAAAAaEAQAAAAAAKABQQAAAAAAABoQBAAAAAAAoAFBAAAAAAAAGhAEAAAAAACgAUEAAAAAAAAaEAQAAAAAAKABQQAAAAAAABoQBAAAAAAAoAFBAAAAAAAAGhAEAAAAAACgAUEAAAAAAAAaEAQAAAAAAKABQQAAAAAAABoQBAAAAAAAoAFBAAAAAAAAGhAEAAAAAACgAUEAAAAAAAAaEAQAAAAAAKABQQAAAAAAABoQBAAAAAAAoAFBAAAAAAAAGhAEAAAAAACgAUEAAAAAAAAaEAQAAAAAAKABQQAAAAAAABoQBAAAAAAAoAFBAAAAAAAAGhAEAAAAAACgAUEAAAAAAAAaEAQAAAAAAKABQQAAAAAAABoQBAAAAAAAoAFBAAAAAAAAGhAEAAAAAACgAUEAAAAAAAAaEAQAAAAAAKABQQAAAAAAABoQBAAAAAAAoAFBAAAAAAAAGhAEAAAAAACgAUEAAAAAAAAaEAQAAAAAAKABQQAAAAAAABoQBAAAAAAAoAFBAAAAAAAAGhAEAAAAAACgAUEAAAAAAAAaEAQAAAAAAKABQQAAAAAAABoQBAAAAAAAoAFBAAAAAAAAGhAEAAAAAACgAUEAAAAAAAAaEAQAAAAAAKABQQAAAAAAABoQBAAAAAAAoAFBAAAAAAAAGhAEAAAAAACgAUEAAAAAAAAaEAQAAAAAAKABQQAAAAAAABoQBAAAAAAAoAFBAAAAAAAAGhAEAAAAAACgAUEAAAAAAAAaEAQAAAAAAKABQQAAAAAAABoQBAAAAAAAoAFBAAAAAAAAGhAEAAAAAACgAUEAAAAAAAAaEAQAAAAAAKABQQAAAAAAABoQBAAAAAAAoAFBAAAAAAAAGhAEAAAAAACgAUEAAAAAAAAaEAQAAAAAAKABQQAAAAAAABoQBAAAAAAAoAFBAAAAAAAAGhAEAAAAAACgAUEAAAAAAAAaEAQAAAAAAKABQQAAAAAAABoQBAAAAAAAoAFBAAAAAAAAGhAEAAAAAACgAUEAAAAAAAAaEAQAAAAAAKABQQAAAAAAABoQBAAAAAAAoAFBAAAAAAAAGhAEAAAAAACgAUEAAAAAAAAaEAQAAAAAAKABQQAAAAAAABoQBAAAAAAAoAFBAAAAAAAAGhAEAAAAAACgAUEAAAAAAAAaEAQAAAAAAKABQQAAAAAAABoQBAAAAAAAoAFBAAAAAAAAGhAEAAAAAACgAUEAAAAAAAAaEAQAAAAAAKABQQAAAAAAABoQBAAAAAAAoAFBAAAAAAAAGhAEAAAAAACgAUEAAAAAAAAaEAQAAAAAAKABQQAAAAAAABoQBAAAAAAAoAFBAAAAAAAAGhAEAAAAAACgAUEAAAAAAAAaEAQAAAAAAKABQQAAAAAAABoQBAAAAAAAoAFBAAAAAAAAGhAEAAAAAACgAUEAAAAAAAAaEAQAAAAAAKABQQAAAAAAABoQBAAAAAAAoAFBAAAAAAAAGhAEAAAAAACgAUEAAAAAAAAaEAQAAAAAAKABQQAAAAAAABoQBAAAAAAAoAFBAAAAAAAAGhAEAAAAAACgAUEAAAAAAAAaEAQAAAAAAKABQQAAAAAAABoQBAAAAAAAoAFBAAAAAAAAGhAEAAAAAACgAUEAAAAAAAAaEAQAAAAAAKABQQAAAAAAABoQBAAAAAAAoAFBAAAAAAAAGhAEAAAAAACgAUEAAAAAAAAaEAQAAAAAAKABQQAAAAAAABoQBAAAAAAAoAFBAAAAAAAAGhAEAAAAAACgAUEAAAAAAAAaEAQAAAAAAKABQQAAAAAAABoQBAAAAAAAoAFBAAAAAAAAGhAEAAAAAACgAUEAAAAAAAAaEAQAAAAAAKABQQAAAAAAABoQBAAAAAAAoAFBAAAAAAAAGhAEAAAAAACgAUEAAAAAAAAaEAQAAAAAAKABQQAAAAAAABoQBAAAAAAAoAFBAAAAAAAAGhAEAAAAAACgAUEAAAAAAAAaEAQAAAAAAKABQQAAAAAAABoQBAAAAAAAoAFBAAAAAAAAGhAEAAAAAACgAUEAAAAAAAAaEAQAAAAAAKABQQAAAAAAABoQBAAAAAAAoAFBAAAAAAAAGhAEAAAAAACgAUEAAAAAAAAaEAQAAAAAAKABQQAAAAAAABoQBAAAAAAAoAFBAAAAAAAAGhAEAAAAAACgAUEAAAAAAAAaEAQAAAAAAKABQQAAAAAAABoQBAAAAAAAoAFBAAAAAAAAGhAEAAAAAACgAUEAAAAAAAAaEAQAAAAAAKABQQAAAAAAABoQBAAAAAAAoAFBAAAAAAAAGhAEAAAAAACgAUEAAAAAAAAaEAQAAAAAAKABQQAAAAAAABoQBAAAAAAAoAFBAAAAAAAAGhAEAAAAAACgAUEAAAAAAAAaEAQAAAAAAKABQQAAAAAAABoQBAAAAAAAoAFBAAAAAAAAGhAEAAAAAACgAUEAAAAAAAAaEAQAAAAAAKABQQAAAAAAABoQBAAAAAAAoAFBAAAAAAAAGhAEAAAAAACgAUEAAAAAAAAaEAQAAAAAAKABQQAAAAAAABoQBAAAAAAAoAFBAAAAAAAAGhAEAAAAAACgAUEAAAAAAAAaEAQAAAAAAKABQQAAAAAAABoQBAAAAAAAoAFBAAAAAAAAGhAEAAAAAACgAUEAAAAAAAAaEAQAAAAAAKABQQAAAAAAABoQBAAAAAAAoAFBAAAAAAAAGhAEAAAAAACgAUEAAAAAAAAaEAQAAAAAAKABQQAAAAAAABoQBAAAAAAAoAFBAAAAAAAAGhAEAAAAnRYliwAAAaJJREFUAACgAUEAAAAAAAAaEAQAAAAAAKABQQAAAAAAABoQBAAAAAAAoAFBAAAAAAAAGhAEAAAAAACgAUEAAAAAAAAaEAQAAAAAAKABQQAAAAAAABoQBAAAAAAAoAFBAAAAAAAAGhAEAAAAAACgAUEAAAAAAAAaEAQAAAAAAKABQQAAAAAAABoQBAAAAAAAoAFBAAAAAAAAGhAEAAAAAACgAUEAAAAAAAAaEAQAAAAAAKABQQAAAAAAABoQBAAAAAAAoAFBAAAAAAAAGhAEAAAAAACgAUEAAAAAAAAaEAQAAAAAAKABQQAAAAAAABoQBAAAAAAAoAFBAAAAAAAAGhAEAAAAAACgAUEAAAAAAAAaEAQAAAAAAKABQQAAAAAAABoQBAAAAAAAoAFBAAAAAAAAGhAEAAAAAACgAUEAAAAAAAAaEAQAAAAAAKABQQAAAAAAABoQBAAAAAAAoAFBAAAAAAAAGhAEAAAAAACgAUEAAAAAAAAaEAQAAAAAAKABQQAAAAAAABoQBAAAAAAAoAFBAAAAAAAAGhAEAAAAAACggf8HgbluHOkj0nAAAAAASUVORK5CYII="
                  />
                </defs>
              </svg>
            </nav>
            <hr
              className="MuiDivider-root"
            />
            <ul
              className="MuiList-root MenuContent MuiList-padding"
            />
          </div>
        </div>
      </div>
    </div>
    <div
      className="MuiGrid-root MuiGrid-item MuiGrid-grid-xs-12"
    >
      <div>
        <div
          className="MuiGrid-root MuiGrid-container MuiGrid-spacing-xs-3"
        >
          <div
            className="MuiGrid-root MuiGrid-item MuiGrid-grid-xs-12"
          >
            <div
              className="MuiGrid-root MuiGrid-container"
            >
              <div
                className="TitleSection"
              >
                <h6
                  className="MuiTypography-root MuiTypography-h6 MuiTypography-gutterBottom"
                >
                  Status
                </h6>
              </div>
            </div>
          </div>
          <div
            className="MuiGrid-root MuiGrid-item MuiGrid-grid-xs-12"
          >
            <div
              className="MuiGrid-root MuiGrid-container MuiGrid-spacing-xs-3 MuiGrid-justify-xs-center"
            />
          </div>
          <div
            className="MuiGrid-root MuiGrid-item MuiGrid-grid-xs-12"
          >
            <div
              className="MuiGrid-root MuiGrid-container"
            >
              <div
                className="TitleSection"
              >
                <h6
                  className="MuiTypography-root MuiTypography-h6 MuiTypography-gutterBottom"
                >
                  Shipments
                </h6>
              </div>
            </div>
          </div>
        </div>
      </div>
    </div>
  </div>
</div>
`;
